// Jest Snapshot v1, https://goo.gl/fbAQLP

exports[`Pruebas en el componente <TodoList /> Debe mostrarse correctamente el componente 1`] = `
<ul
  className="list-group list-group-flush"
>
  <TodoItem
    handleComplete={[MockFunction]}
    handleRemoveTodo={[MockFunction]}
    index={0}
    key="1"
    todo={
      Object {
        "description": "Hacer la compra",
        "done": false,
        "id": 1,
      }
    }
  />
  <TodoItem
    handleComplete={[MockFunction]}
    handleRemoveTodo={[MockFunction]}
    index={1}
    key="2"
    todo={
      Object {
        "description": "Lavar la loza",
        "done": false,
        "id": 2,
      }
    }
  />
</ul>
`;
